// Jest Snapshot v1, https://goo.gl/fbAQLP

exports[`map should implement maps correctly 1`] = `
[
  {
    "$seq": 173,
    "events": [
      {
        "$type": "storage-charged",
        "amount": "0.000000112",
      },
      {
        "$type": "received",
        "message": {
          "body": {
            "cell": "x{B182FEE0}",
            "type": "cell",
          },
          "bounce": true,
          "from": "@treasure(treasure)",
          "to": "kQB9HHerFtIx4acCF_tY31yf14ULy4iw9i9ONoxJPAMzqs7P",
          "type": "internal",
          "value": "1",
        },
      },
      {
        "$type": "failed",
        "errorCode": 128,
        "errorMessage": "Null reference exception",
      },
      {
        "$type": "sent-bounced",
        "message": {
          "body": {
            "cell": "x{FFFFFFFFB182FEE0}",
            "type": "cell",
          },
          "bounce": false,
          "from": "kQB9HHerFtIx4acCF_tY31yf14ULy4iw9i9ONoxJPAMzqs7P",
          "to": "@treasure(treasure)",
          "type": "internal",
          "value": "0.981251",
        },
      },
    ],
  },
]
`;
