// Jest Snapshot v1, https://goo.gl/fbAQLP

exports[`bugs should deploy sample jetton correctly 1`] = `
[
  {
    "$seq": 0,
    "events": [
      {
        "$type": "deploy",
      },
      {
        "$type": "received",
        "message": {
          "body": {
            "cell": "x{178D45190000000000000000502540BE400800D5D05946B36A5188ABBC22EF7310BFF25B41D420C620128F26813FCCF6646B490016E3A425A4E75B646191AC9A34FE5D050BD101A5C490F87D01C66D885D09BC1082_}",
            "type": "cell",
          },
          "bounce": false,
          "from": "kQBq6CyjWbUoxFXeEXe5iF_5LaDqEGMQCUeTQJ_mezI1pPMe",
          "to": "kQBKQARaWBjzWZRr0r3PtE9qKH45aUNKUdrpvT3bQmUCh3Au",
          "type": "internal",
          "value": "9.961176",
        },
      },
      {
        "$type": "processed",
        "gasUsed": 12484n,
      },
      {
        "$type": "sent",
        "messages": [
          {
            "body": {
              "type": "known",
              "value": {
                "$$type": "TokenExcesses",
                "queryId": 0n,
              },
            },
            "bounce": false,
            "from": "kQBKQARaWBjzWZRr0r3PtE9qKH45aUNKUdrpvT3bQmUCh3Au",
            "to": "@treasure(treasure)",
            "type": "internal",
            "value": "9.919607845",
          },
        ],
      },
    ],
  },
]
`;
